<?xml version="1.0" encoding="UTF-8"?>
<testsuites name="Mocha Tests" time="0.0020" tests="12" failures="5">
  <testsuite name="Root Suite" timestamp="2024-01-08T16:27:29" tests="0" time="0.0000" failures="0">
  </testsuite>
  <testsuite name="backToFront" timestamp="2024-01-08T16:27:29" tests="5" file="C:\Users\Улан\Documents\EPAM-nodejs\7.1.datatypes-master\test\index.js" time="0.0010" failures="5">
    <testcase name="backToFront should return asdasdasd for given input (asd, 3)" time="0.0000" classname="should return asdasdasd for given input (asd, 3)">
      <failure message="inputString is not defined" type="ReferenceError"><![CDATA[ReferenceError: inputString is not defined
    at backToFront (src\index.js:9:42)
    at Context.<anonymous> (test\index.js:6:28)
    at processImmediate (node:internal/timers:466:21)]]></failure>
    </testcase>
    <testcase name="backToFront should return ohelloo for given input (hello, 1)" time="0.0010" classname="should return ohelloo for given input (hello, 1)">
      <failure message="inputString is not defined" type="ReferenceError"><![CDATA[ReferenceError: inputString is not defined
    at backToFront (src\index.js:9:42)
    at Context.<anonymous> (test\index.js:10:28)
    at processImmediate (node:internal/timers:466:21)]]></failure>
    </testcase>
    <testcase name="backToFront should return sttestst for given input (test, 2)" time="0.0000" classname="should return sttestst for given input (test, 2)">
      <failure message="inputString is not defined" type="ReferenceError"><![CDATA[ReferenceError: inputString is not defined
    at backToFront (src\index.js:9:42)
    at Context.<anonymous> (test\index.js:14:28)
    at processImmediate (node:internal/timers:466:21)]]></failure>
    </testcase>
    <testcase name="backToFront should return world for given input (world, 5)" time="0.0000" classname="should return world for given input (world, 5)">
      <failure message="inputString is not defined" type="ReferenceError"><![CDATA[ReferenceError: inputString is not defined
    at backToFront (src\index.js:9:42)
    at Context.<anonymous> (test\index.js:18:28)
    at processImmediate (node:internal/timers:466:21)]]></failure>
    </testcase>
    <testcase name="backToFront should return test for given input (test, 100)" time="0.0000" classname="should return test for given input (test, 100)">
      <failure message="inputString is not defined" type="ReferenceError"><![CDATA[ReferenceError: inputString is not defined
    at backToFront (src\index.js:9:42)
    at Context.<anonymous> (test\index.js:22:28)
    at processImmediate (node:internal/timers:466:21)]]></failure>
    </testcase>
  </testsuite>
  <testsuite name="nearest" timestamp="2024-01-08T16:27:29" tests="4" file="C:\Users\Улан\Documents\EPAM-nodejs\7.1.datatypes-master\test\index.js" time="0.0000" failures="0">
    <testcase name="nearest should return 10 for given input (20, 10, 50)" time="0.0000" classname="should return 10 for given input (20, 10, 50)">
    </testcase>
    <testcase name="nearest should return 50 for given input (100, 200, 50)" time="0.0000" classname="should return 50 for given input (100, 200, 50)">
    </testcase>
    <testcase name="nearest should return 40 for given input (44, 40, 60)" time="0.0000" classname="should return 40 for given input (44, 40, 60)">
    </testcase>
    <testcase name="nearest should return 100 for given input (100, 100, 101)" time="0.0000" classname="should return 100 for given input (100, 100, 101)">
    </testcase>
  </testsuite>
  <testsuite name="removeDuplicate" timestamp="2024-01-08T16:27:29" tests="3" file="C:\Users\Улан\Documents\EPAM-nodejs\7.1.datatypes-master\test\index.js" time="0.0010" failures="0">
    <testcase name="removeDuplicate should return [1,2,3] for given input [1,1,1,2,3,3]" time="0.0010" classname="should return [1,2,3] for given input [1,1,1,2,3,3]">
    </testcase>
    <testcase name="removeDuplicate should return [&quot;a&quot;, &quot;b&quot;] for given input [&quot;a&quot;, &quot;b&quot;, &quot;b&quot;, &quot;b&quot;]" time="0.0000" classname="should return [&quot;a&quot;, &quot;b&quot;] for given input [&quot;a&quot;, &quot;b&quot;, &quot;b&quot;, &quot;b&quot;]">
    </testcase>
    <testcase name="removeDuplicate should return [44, &quot;a&quot;, 11] for given input [44, &quot;a&quot;, 11, 44, &quot;a&quot;, 11, 44, &quot;a&quot;, 11]" time="0.0000" classname="should return [44, &quot;a&quot;, 11] for given input [44, &quot;a&quot;, 11, 44, &quot;a&quot;, 11, 44, &quot;a&quot;, 11]">
    </testcase>
  </testsuite>
</testsuites>